---
source: src/ui/draw_blocks/ports.rs
expression: setup.terminal.backend()
---
"╭─────────── ports ────────────╮"
"│   ip   private   public      │"
"│           8001               │"
"│                              │"
"│                              │"
"│                              │"
"│                              │"
"╰──────────────────────────────╯"
