---
source: src/ui/draw_blocks/search_logs.rs
expression: setup.terminal.backend()
---
" Esc  clear   search term: e                                                                             ↑  previous   ↓  next  matches: 2/3"
