---
source: src/ui/draw_blocks/containers.rs
expression: setup.terminal.backend()
---
"╭ Containers ──────────────────────────╮"
"│         no containers running        │"
"│                                      │"
"│                                      │"
"│                                      │"
"╰──────────────────────────────────────╯"
