---
source: src/ui/draw_blocks/commands.rs
expression: setup.terminal.backend()
---
"╭──────────╮"
"│  resume  │"
"│▶ stop    │"
"│  delete  │"
"│          │"
"╰──────────╯"
