---
source: src/ui/draw_blocks/search_logs.rs
expression: setup.terminal.backend()
---
" Esc  clear   search term: e                                                                             b  previous   a  next  matches: 2/3"
