---
source: src/ui/draw_blocks/help.rs
expression: setup.terminal.backend()
---
"                                                                                                              "
" ╭ 0.00.000 ────────────────────────────────────────────────────────────────────────────────────────────────╮ "
" │                                                                                                          │ "
" │                                                  88                                                      │ "
" │                                                  88                                                      │ "
" │                                                  88                                                      │ "
" │                         ,adPPYba,   8b,     ,d8  88   ,d8    ,adPPYba,  8b,dPPYba,                       │ "
" │                        a8"     "8a   `Y8, ,8P'   88 ,a8"    a8P_____88  88P'   "Y8                       │ "
" │                        8b       d8     )888(     8888[      8PP"""""""  88                               │ "
" │                        "8a,   ,a8"   ,d8" "8b,   88`"Yba,   "8b,   ,aa  88                               │ "
" │                         `"YbbdP"'   8P'     `Y8  88   `Y8a   `"Ybbd8"'  88                               │ "
" │                                                                                                          │ "
" │                             A simple tui to view & control docker containers                             │ "
" │                                                                                                          │ "
" │ ( 0 ) select next panel                                                                                  │ "
" │ ( 2 ) or ( 3 ) select previous panel                                                                     │ "
" │ ( q ) or ( r ) scroll list down by one                                                                   │ "
" │ ( y ) or ( z ) scroll list up by one                                                                     │ "
" │ ( o ) scroll list down by many                                                                           │ "
" │ ( w ) scroll list by up many                                                                             │ "
" │ ( s ) scroll list to end                                                                                 │ "
" │ ( u ) or ( v ) scroll list to start                                                                      │ "
" │ ( enter ) send docker container command                                                                  │ "
" │ ( g ) exec into a container                                                                              │ "
" │ ( Home ) toggle this help information - or click heading                                                 │ "
" │ ( m ) or ( n ) save logs to file                                                                         │ "
" │ ( Page Down ) or ( Page Up ) toggle mouse capture - if disabled, text on screen can be selected & copied │ "
" │ ( i ) or ( j ) enter filter mode                                                                         │ "
" │ ( Up ) or ( Down ) reset container sorting                                                               │ "
" │ ( 4 ) sort containers by name                                                                            │ "
" │ ( 6 ) or ( 7 ) sort containers by state                                                                  │ "
" │ ( 8 ) sort containers by status                                                                          │ "
" │ ( F1 ) or ( F12 ) sort containers by cpu                                                                 │ "
" │ ( # ) sort containers by memory                                                                          │ "
" │ ( / ) or ( = ) sort containers by id                                                                     │ "
" │ ( , ) sort containers by image                                                                           │ "
" │ ( . ) or ( ] ) sort containers by rx                                                                     │ "
" │ ( Insert ) sort containers by tx                                                                         │ "
" │ ( a ) or ( b ) close dialog                                                                              │ "
" │ ( k ) quit at any time                                                                                   │ "
" │                                                                                                          │ "
" │                    currently an early work in progress, all and any input appreciated                    │ "
" │                                   https://github.com/mrjackwills/oxker                                   │ "
" │                                                                                                          │ "
" │                                                                                                          │ "
" ╰──────────────────────────────────────────────────────────────────────────────────────────────────────────╯ "
"                                                                                                              "
