---
source: src/ui/draw_blocks/info.rs
expression: setup.terminal.backend()
---
"                                             "
"                                             "
"                                             "
"                                             "
"                                             "
"                                             "
"                                             "
"                                    test     "
"                                             "
