---
source: src/ui/draw_blocks/logs.rs
expression: setup.terminal.backend()
---
"╭ Logs - container_1 - image_1 ╮"
"│        parsing logs ⠹        │"
"│                              │"
"│                              │"
"│                              │"
"╰──────────────────────────────╯"
