---
source: src/ui/draw_blocks/headers.rs
expression: setup.terminal.backend()
---
"    name          state       status      cpu      memory/limit        id         image     ↓ rx      ↑ tx          ( T | Tab ) show help   "
