---
source: src/ui/draw_blocks/search_logs.rs
expression: setup.terminal.backend()
---
" Esc  clear   search term: e                                                                                           â†“  next  matches: 1/3"
