---
source: src/ui/draw_blocks/headers.rs
expression: setup.terminal.backend()
---
"                                                                                                                          ( h ) show help   "
