---
source: src/ui/draw_blocks/commands.rs
expression: setup.terminal.backend()
---
"╭──────────╮"
"│▶ pause   │"
"│  restart │"
"│  stop    │"
"│  delete  │"
"╰──────────╯"
